// Jest Snapshot v1, https://goo.gl/fbAQLP

exports[`Basic snapshot test renders succesfully 1`] = `
.emotion-0 {
  position: relative;
  background-color: red;
  border-radius: 20px;
  text-align: center;
  overflow: hidden;
}

.emotion-1 {
  position: absolute;
  background-color: red;
  border-radius: 20px;
  height: 100%;
  -webkit-transition: width 200ms;
  transition: width 200ms;
  width: 0px;
}

<div
  className="emotion-0"
  id="container"
>
  <div
    className="emotion-1"
    direction="leftToRight"
    fill={0}
    id="progress-bar"
  />
  <span
    title="Time Elapsed"
  >
    Time Elapsed 
    0:00
  </span>
</div>
`;
